mode: set
github.com/abevz/hybrid-cloud-optimizer/api/v1alpha1/hybridworkload_types.go:90.13,92.2 1 0
github.com/abevz/hybrid-cloud-optimizer/api/v1alpha1/zz_generated.deepcopy.go:29.61,35.2 5 0
github.com/abevz/hybrid-cloud-optimizer/api/v1alpha1/zz_generated.deepcopy.go:38.54,39.15 1 0
github.com/abevz/hybrid-cloud-optimizer/api/v1alpha1/zz_generated.deepcopy.go:39.15,41.3 1 0
github.com/abevz/hybrid-cloud-optimizer/api/v1alpha1/zz_generated.deepcopy.go:42.2,44.12 3 0
github.com/abevz/hybrid-cloud-optimizer/api/v1alpha1/zz_generated.deepcopy.go:48.59,49.34 1 0
github.com/abevz/hybrid-cloud-optimizer/api/v1alpha1/zz_generated.deepcopy.go:49.34,51.3 1 0
github.com/abevz/hybrid-cloud-optimizer/api/v1alpha1/zz_generated.deepcopy.go:52.2,52.12 1 0
github.com/abevz/hybrid-cloud-optimizer/api/v1alpha1/zz_generated.deepcopy.go:56.69,60.21 4 0
github.com/abevz/hybrid-cloud-optimizer/api/v1alpha1/zz_generated.deepcopy.go:60.21,63.22 3 0
github.com/abevz/hybrid-cloud-optimizer/api/v1alpha1/zz_generated.deepcopy.go:63.22,65.4 1 0
github.com/abevz/hybrid-cloud-optimizer/api/v1alpha1/zz_generated.deepcopy.go:70.62,71.15 1 0
github.com/abevz/hybrid-cloud-optimizer/api/v1alpha1/zz_generated.deepcopy.go:71.15,73.3 1 0
github.com/abevz/hybrid-cloud-optimizer/api/v1alpha1/zz_generated.deepcopy.go:74.2,76.12 3 0
github.com/abevz/hybrid-cloud-optimizer/api/v1alpha1/zz_generated.deepcopy.go:80.63,81.34 1 0
github.com/abevz/hybrid-cloud-optimizer/api/v1alpha1/zz_generated.deepcopy.go:81.34,83.3 1 0
github.com/abevz/hybrid-cloud-optimizer/api/v1alpha1/zz_generated.deepcopy.go:84.2,84.12 1 0
github.com/abevz/hybrid-cloud-optimizer/api/v1alpha1/zz_generated.deepcopy.go:88.69,90.19 2 0
github.com/abevz/hybrid-cloud-optimizer/api/v1alpha1/zz_generated.deepcopy.go:90.19,94.3 3 0
github.com/abevz/hybrid-cloud-optimizer/api/v1alpha1/zz_generated.deepcopy.go:98.62,99.15 1 0
github.com/abevz/hybrid-cloud-optimizer/api/v1alpha1/zz_generated.deepcopy.go:99.15,101.3 1 0
github.com/abevz/hybrid-cloud-optimizer/api/v1alpha1/zz_generated.deepcopy.go:102.2,104.12 3 0
github.com/abevz/hybrid-cloud-optimizer/api/v1alpha1/zz_generated.deepcopy.go:108.73,110.26 2 0
github.com/abevz/hybrid-cloud-optimizer/api/v1alpha1/zz_generated.deepcopy.go:110.26,113.22 3 0
github.com/abevz/hybrid-cloud-optimizer/api/v1alpha1/zz_generated.deepcopy.go:113.22,115.4 1 0
github.com/abevz/hybrid-cloud-optimizer/api/v1alpha1/zz_generated.deepcopy.go:120.66,121.15 1 0
github.com/abevz/hybrid-cloud-optimizer/api/v1alpha1/zz_generated.deepcopy.go:121.15,123.3 1 0
github.com/abevz/hybrid-cloud-optimizer/api/v1alpha1/zz_generated.deepcopy.go:124.2,126.12 3 0
github.com/abevz/hybrid-cloud-optimizer/cmd/main.go:48.13,53.2 2 0
github.com/abevz/hybrid-cloud-optimizer/cmd/main.go:56.13,96.38 24 0
github.com/abevz/hybrid-cloud-optimizer/cmd/main.go:96.38,99.3 2 0
github.com/abevz/hybrid-cloud-optimizer/cmd/main.go:101.2,101.18 1 0
github.com/abevz/hybrid-cloud-optimizer/cmd/main.go:101.18,103.3 1 0
github.com/abevz/hybrid-cloud-optimizer/cmd/main.go:106.2,111.30 3 0
github.com/abevz/hybrid-cloud-optimizer/cmd/main.go:111.30,118.3 4 0
github.com/abevz/hybrid-cloud-optimizer/cmd/main.go:120.2,132.19 3 0
github.com/abevz/hybrid-cloud-optimizer/cmd/main.go:132.19,138.3 1 0
github.com/abevz/hybrid-cloud-optimizer/cmd/main.go:148.2,148.30 1 0
github.com/abevz/hybrid-cloud-optimizer/cmd/main.go:148.30,155.3 4 0
github.com/abevz/hybrid-cloud-optimizer/cmd/main.go:157.2,176.16 2 0
github.com/abevz/hybrid-cloud-optimizer/cmd/main.go:176.16,179.3 2 0
github.com/abevz/hybrid-cloud-optimizer/cmd/main.go:181.2,184.39 1 0
github.com/abevz/hybrid-cloud-optimizer/cmd/main.go:184.39,187.3 2 0
github.com/abevz/hybrid-cloud-optimizer/cmd/main.go:190.2,190.69 1 0
github.com/abevz/hybrid-cloud-optimizer/cmd/main.go:190.69,193.3 2 0
github.com/abevz/hybrid-cloud-optimizer/cmd/main.go:194.2,194.67 1 0
github.com/abevz/hybrid-cloud-optimizer/cmd/main.go:194.67,197.3 2 0
github.com/abevz/hybrid-cloud-optimizer/cmd/main.go:199.2,200.61 2 0
github.com/abevz/hybrid-cloud-optimizer/cmd/main.go:200.61,203.3 2 0
github.com/abevz/hybrid-cloud-optimizer/internal/config/config.go:36.36,50.39 2 0
github.com/abevz/hybrid-cloud-optimizer/internal/config/config.go:50.39,52.3 1 0
github.com/abevz/hybrid-cloud-optimizer/internal/config/config.go:54.2,54.17 1 0
github.com/abevz/hybrid-cloud-optimizer/internal/config/config.go:58.35,59.71 1 0
github.com/abevz/hybrid-cloud-optimizer/internal/config/config.go:59.71,61.3 1 0
github.com/abevz/hybrid-cloud-optimizer/internal/config/config.go:62.2,62.73 1 0
github.com/abevz/hybrid-cloud-optimizer/internal/config/config.go:62.73,64.3 1 0
github.com/abevz/hybrid-cloud-optimizer/internal/config/config.go:65.2,65.63 1 0
github.com/abevz/hybrid-cloud-optimizer/internal/config/config.go:65.63,67.3 1 0
github.com/abevz/hybrid-cloud-optimizer/internal/config/config.go:68.2,68.12 1 0
github.com/abevz/hybrid-cloud-optimizer/internal/config/config.go:72.46,73.42 1 0
github.com/abevz/hybrid-cloud-optimizer/internal/config/config.go:73.42,75.3 1 0
github.com/abevz/hybrid-cloud-optimizer/internal/config/config.go:76.2,76.21 1 0
github.com/abevz/hybrid-cloud-optimizer/internal/config/config.go:79.60,80.42 1 0
github.com/abevz/hybrid-cloud-optimizer/internal/config/config.go:80.42,81.63 1 0
github.com/abevz/hybrid-cloud-optimizer/internal/config/config.go:81.63,83.4 1 0
github.com/abevz/hybrid-cloud-optimizer/internal/config/config.go:85.2,85.21 1 0
github.com/abevz/hybrid-cloud-optimizer/internal/config/config.go:88.53,89.42 1 0
github.com/abevz/hybrid-cloud-optimizer/internal/config/config.go:89.42,90.58 1 0
github.com/abevz/hybrid-cloud-optimizer/internal/config/config.go:90.58,92.4 1 0
github.com/abevz/hybrid-cloud-optimizer/internal/config/config.go:94.2,94.21 1 0
github.com/abevz/hybrid-cloud-optimizer/internal/cost/aws_pricing_client.go:23.110,25.16 2 0
github.com/abevz/hybrid-cloud-optimizer/internal/cost/aws_pricing_client.go:25.16,27.3 1 0
github.com/abevz/hybrid-cloud-optimizer/internal/cost/aws_pricing_client.go:29.2,32.8 1 0
github.com/abevz/hybrid-cloud-optimizer/internal/cost/aws_pricing_client.go:36.113,82.16 4 0
github.com/abevz/hybrid-cloud-optimizer/internal/cost/aws_pricing_client.go:82.16,84.3 1 0
github.com/abevz/hybrid-cloud-optimizer/internal/cost/aws_pricing_client.go:86.2,86.32 1 0
github.com/abevz/hybrid-cloud-optimizer/internal/cost/aws_pricing_client.go:86.32,88.3 1 0
github.com/abevz/hybrid-cloud-optimizer/internal/cost/aws_pricing_client.go:93.2,94.80 2 0
github.com/abevz/hybrid-cloud-optimizer/internal/cost/aws_pricing_client.go:94.80,96.3 1 0
github.com/abevz/hybrid-cloud-optimizer/internal/cost/aws_pricing_client.go:99.2,100.9 2 0
github.com/abevz/hybrid-cloud-optimizer/internal/cost/aws_pricing_client.go:100.9,102.3 1 0
github.com/abevz/hybrid-cloud-optimizer/internal/cost/aws_pricing_client.go:104.2,105.9 2 0
github.com/abevz/hybrid-cloud-optimizer/internal/cost/aws_pricing_client.go:105.9,107.3 1 0
github.com/abevz/hybrid-cloud-optimizer/internal/cost/aws_pricing_client.go:110.2,110.29 1 0
github.com/abevz/hybrid-cloud-optimizer/internal/cost/aws_pricing_client.go:110.29,112.10 2 0
github.com/abevz/hybrid-cloud-optimizer/internal/cost/aws_pricing_client.go:112.10,113.12 1 0
github.com/abevz/hybrid-cloud-optimizer/internal/cost/aws_pricing_client.go:116.3,116.38 1 0
github.com/abevz/hybrid-cloud-optimizer/internal/cost/aws_pricing_client.go:116.38,118.11 2 0
github.com/abevz/hybrid-cloud-optimizer/internal/cost/aws_pricing_client.go:118.11,119.13 1 0
github.com/abevz/hybrid-cloud-optimizer/internal/cost/aws_pricing_client.go:122.4,123.11 2 0
github.com/abevz/hybrid-cloud-optimizer/internal/cost/aws_pricing_client.go:123.11,124.13 1 0
github.com/abevz/hybrid-cloud-optimizer/internal/cost/aws_pricing_client.go:127.4,128.62 2 0
github.com/abevz/hybrid-cloud-optimizer/internal/cost/aws_pricing_client.go:128.62,135.5 2 0
github.com/abevz/hybrid-cloud-optimizer/internal/cost/aws_pricing_client.go:139.2,139.63 1 0
github.com/abevz/hybrid-cloud-optimizer/internal/cost/aws_pricing_client.go:143.78,145.2 1 0
github.com/abevz/hybrid-cloud-optimizer/internal/cost/provider.go:13.72,18.2 3 0
github.com/abevz/hybrid-cloud-optimizer/test/utils/utils.go:38.27,40.2 1 0
github.com/abevz/hybrid-cloud-optimizer/test/utils/utils.go:43.41,47.42 3 0
github.com/abevz/hybrid-cloud-optimizer/test/utils/utils.go:47.42,49.3 1 0
github.com/abevz/hybrid-cloud-optimizer/test/utils/utils.go:51.2,55.16 5 0
github.com/abevz/hybrid-cloud-optimizer/test/utils/utils.go:55.16,57.3 1 0
github.com/abevz/hybrid-cloud-optimizer/test/utils/utils.go:59.2,59.28 1 0
github.com/abevz/hybrid-cloud-optimizer/test/utils/utils.go:63.29,66.36 3 0
github.com/abevz/hybrid-cloud-optimizer/test/utils/utils.go:66.36,68.3 1 0
github.com/abevz/hybrid-cloud-optimizer/test/utils/utils.go:71.2,75.41 2 0
github.com/abevz/hybrid-cloud-optimizer/test/utils/utils.go:75.41,78.37 2 0
github.com/abevz/hybrid-cloud-optimizer/test/utils/utils.go:78.37,80.4 1 0
github.com/abevz/hybrid-cloud-optimizer/test/utils/utils.go:85.33,88.36 3 0
github.com/abevz/hybrid-cloud-optimizer/test/utils/utils.go:88.36,90.3 1 0
github.com/abevz/hybrid-cloud-optimizer/test/utils/utils.go:93.2,100.12 3 0
github.com/abevz/hybrid-cloud-optimizer/test/utils/utils.go:105.40,119.16 4 0
github.com/abevz/hybrid-cloud-optimizer/test/utils/utils.go:119.16,121.3 1 0
github.com/abevz/hybrid-cloud-optimizer/test/utils/utils.go:124.2,125.38 2 0
github.com/abevz/hybrid-cloud-optimizer/test/utils/utils.go:125.38,126.32 1 0
github.com/abevz/hybrid-cloud-optimizer/test/utils/utils.go:126.32,127.35 1 0
github.com/abevz/hybrid-cloud-optimizer/test/utils/utils.go:127.35,129.5 1 0
github.com/abevz/hybrid-cloud-optimizer/test/utils/utils.go:133.2,133.14 1 0
github.com/abevz/hybrid-cloud-optimizer/test/utils/utils.go:137.56,139.47 2 0
github.com/abevz/hybrid-cloud-optimizer/test/utils/utils.go:139.47,141.3 1 0
github.com/abevz/hybrid-cloud-optimizer/test/utils/utils.go:142.2,144.39 3 0
github.com/abevz/hybrid-cloud-optimizer/test/utils/utils.go:144.39,146.3 1 0
github.com/abevz/hybrid-cloud-optimizer/test/utils/utils.go:147.2,149.12 3 0
github.com/abevz/hybrid-cloud-optimizer/test/utils/utils.go:154.47,157.32 3 0
github.com/abevz/hybrid-cloud-optimizer/test/utils/utils.go:157.32,158.20 1 0
github.com/abevz/hybrid-cloud-optimizer/test/utils/utils.go:158.20,160.4 1 0
github.com/abevz/hybrid-cloud-optimizer/test/utils/utils.go:163.2,163.12 1 0
github.com/abevz/hybrid-cloud-optimizer/test/utils/utils.go:167.38,169.16 2 0
github.com/abevz/hybrid-cloud-optimizer/test/utils/utils.go:169.16,171.3 1 0
github.com/abevz/hybrid-cloud-optimizer/test/utils/utils.go:172.2,173.16 2 0
github.com/abevz/hybrid-cloud-optimizer/test/utils/utils.go:178.59,182.16 2 0
github.com/abevz/hybrid-cloud-optimizer/test/utils/utils.go:182.16,184.3 1 0
github.com/abevz/hybrid-cloud-optimizer/test/utils/utils.go:185.2,188.13 3 0
github.com/abevz/hybrid-cloud-optimizer/test/utils/utils.go:188.13,190.3 1 0
github.com/abevz/hybrid-cloud-optimizer/test/utils/utils.go:192.2,194.16 3 0
github.com/abevz/hybrid-cloud-optimizer/test/utils/utils.go:194.16,196.3 1 0
github.com/abevz/hybrid-cloud-optimizer/test/utils/utils.go:198.2,199.21 2 0
github.com/abevz/hybrid-cloud-optimizer/test/utils/utils.go:199.21,201.3 1 0
github.com/abevz/hybrid-cloud-optimizer/test/utils/utils.go:202.2,202.6 1 0
github.com/abevz/hybrid-cloud-optimizer/test/utils/utils.go:202.6,203.87 1 0
github.com/abevz/hybrid-cloud-optimizer/test/utils/utils.go:203.87,205.4 1 0
github.com/abevz/hybrid-cloud-optimizer/test/utils/utils.go:207.3,207.22 1 0
github.com/abevz/hybrid-cloud-optimizer/test/utils/utils.go:207.22,208.9 1 0
github.com/abevz/hybrid-cloud-optimizer/test/utils/utils.go:210.3,210.49 1 0
github.com/abevz/hybrid-cloud-optimizer/test/utils/utils.go:210.49,212.4 1 0
github.com/abevz/hybrid-cloud-optimizer/test/utils/utils.go:215.2,215.63 1 0
github.com/abevz/hybrid-cloud-optimizer/test/utils/utils.go:215.63,217.3 1 0
github.com/abevz/hybrid-cloud-optimizer/test/utils/utils.go:221.2,221.65 1 0
github.com/abevz/hybrid-cloud-optimizer/test/utils/utils.go:221.65,223.3 1 0
github.com/abevz/hybrid-cloud-optimizer/test/utils/utils.go:225.2,225.12 1 0
github.com/abevz/hybrid-cloud-optimizer/internal/controller/hybridworkload_controller.go:49.106,55.2 2 1
github.com/abevz/hybrid-cloud-optimizer/internal/controller/hybridworkload_controller.go:58.77,63.2 1 0
